<?xml version="1.0" encoding="utf-8"?>
<TestRun id="17c7de79-7e25-41b2-8094-3095bb323a86" name="fluid@DESKTOP-IB70S8E 2025-08-09 13:42:18" runUser="DESKTOP-IB70S8E\fluid" xmlns="http://microsoft.com/schemas/VisualStudio/TeamTest/2010">
  <Times creation="2025-08-09T13:42:19.0025027-07:00" queuing="2025-08-09T13:42:19.0025031-07:00" start="2025-08-09T13:42:17.7059890-07:00" finish="2025-08-09T13:42:19.0074055-07:00" />
  <TestSettings name="default" id="7e1ab887-eac5-4ef0-8534-6146478327e3">
    <Deployment runDeploymentRoot="fluid_DESKTOP-IB70S8E_2025-08-09_13_42_18" />
  </TestSettings>
  <Results>
    <UnitTestResult executionId="de2e4d08-b1e2-4d86-9a52-591cb8e64390" testId="3f899210-8b94-e7cf-b549-5362781e6214" testName="Js2IL.Tests.Function.ExecutionTests.Function_NestedFunctionAccessesMultipleScopes" computerName="DESKTOP-IB70S8E" duration="00:00:00.1102076" startTime="2025-08-09T13:42:18.7135197-07:00" endTime="2025-08-09T13:42:18.8169272-07:00" testType="13cdc9d9-ddb5-4fa4-a97d-d965ccfc6d4b" outcome="Passed" testListId="8c84fa94-04c1-424b-9868-57a2d4851a1d" relativeResultsDirectory="de2e4d08-b1e2-4d86-9a52-591cb8e64390" />
    <UnitTestResult executionId="504aade6-b732-4341-97e7-4d1fd0cd9619" testId="6845e993-158b-69d3-d4b3-4b47a663f9a7" testName="Js2IL.Tests.Function.GeneratorTests.Function_GlobalFunctionDeclaresAndCallsNestedFunction" computerName="DESKTOP-IB70S8E" duration="00:00:00.0582508" startTime="2025-08-09T13:42:18.7134706-07:00" endTime="2025-08-09T13:42:18.7654810-07:00" testType="13cdc9d9-ddb5-4fa4-a97d-d965ccfc6d4b" outcome="Passed" testListId="8c84fa94-04c1-424b-9868-57a2d4851a1d" relativeResultsDirectory="504aade6-b732-4341-97e7-4d1fd0cd9619" />
    <UnitTestResult executionId="77c71bd4-7cd7-44ab-b900-bc9366826e93" testId="fb65c001-2e9a-a320-2b06-93c8dad74af2" testName="Js2IL.Tests.Function.GeneratorTests.Function_NestedFunctionAccessesMultipleScopes" computerName="DESKTOP-IB70S8E" duration="00:00:00.3345074" startTime="2025-08-09T13:42:18.3637143-07:00" endTime="2025-08-09T13:42:18.7044687-07:00" testType="13cdc9d9-ddb5-4fa4-a97d-d965ccfc6d4b" outcome="Failed" testListId="8c84fa94-04c1-424b-9868-57a2d4851a1d" relativeResultsDirectory="77c71bd4-7cd7-44ab-b900-bc9366826e93">
      <Output>
        <ErrorInfo>
          <Message>VerifyException : Directory: C:\git\js2il\Js2IL.Tests\Function
NotEqual:
  - Received: GeneratorTests.Function_NestedFunctionAccessesMultipleScopes.received.txt
    Verified: GeneratorTests.Function_NestedFunctionAccessesMultipleScopes.verified.txt

FileContent:

NotEqual:

Received: GeneratorTests.Function_NestedFunctionAccessesMultipleScopes.received.txt
// IL code: Function_NestedFunctionAccessesMultipleScopes
.class private auto ansi '&lt;Module&gt;'
{
} // end of class &lt;Module&gt;

.class public auto ansi beforefieldinit Scopes.Function_NestedFunctionAccessesMultipleScopes
	extends [System.Runtime]System.Object
{
	// Nested Types
	.class nested public auto ansi beforefieldinit testFunction
		extends [System.Runtime]System.Object
	{
		// Nested Types
		.class nested public auto ansi beforefieldinit nestedFunction
			extends [System.Runtime]System.Object
		{
			// Fields
			.field public object innerVar

			// Methods
			.method public hidebysig specialname rtspecialname 
				instance void .ctor () cil managed 
			{
				// Method begins at RVA 0x2062
				// Header size: 1
				// Code size: 8 (0x8)
				.maxstack 8

				IL_0000: ldarg.0
				IL_0001: call instance void [System.Runtime]System.Object::.ctor()
				IL_0006: nop
				IL_0007: ret
			} // end of method nestedFunction::.ctor

		} // end of class nestedFunction


		// Fields
		.field public object outerVar
		.field public object nestedFunction

		// Methods
		.method public hidebysig specialname rtspecialname 
			instance void .ctor () cil managed 
		{
			// Method begins at RVA 0x2059
			// Header size: 1
			// Code size: 8 (0x8)
			.maxstack 8

			IL_0000: ldarg.0
			IL_0001: call instance void [System.Runtime]System.Object::.ctor()
			IL_0006: nop
			IL_0007: ret
		} // end of method testFunction::.ctor

	} // end of class testFunction


	// Fields
	.field public object testFunction

	// Methods
	.method public hidebysig specialname rtspecialname 
		instance void .ctor () cil managed 
	{
		// Method begins at RVA 0x2050
		// Header size: 1
		// Code size: 8 (0x8)
		.maxstack 8

		IL_0000: ldarg.0
		IL_0001: call instance void [System.Runtime]System.Object::.ctor()
		IL_0006: nop
		IL_0007: ret
	} // end of method Function_NestedFunctionAccessesMultipleScopes::.ctor

} // end of class Scopes.Function_NestedFunctionAccessesMultipleScopes

.class public auto ansi abstract sealed beforefieldinit DispatchTable
	extends [System.Runtime]System.Object
{
	// Fields
	.field public static class [System.Runtime]System.Func`2&lt;class [System.Runtime]System.Object[], class [System.Runtime]System.Object&gt; testFunction
	.field public static class [System.Runtime]System.Func`2&lt;class [System.Runtime]System.Object[], class [System.Runtime]System.Object&gt; nestedFunction

} // end of class DispatchTable

.class public auto ansi beforefieldinit Program
	extends [System.Runtime]System.Object
{
	// Methods
	.method public static 
		object testFunction (
			object[] scopes
		) cil managed 
	{
		// Method begins at RVA 0x206c
		// Header size: 12
		// Code size: 58 (0x3a)
		.maxstack 8
		.locals init (
			[0] object
		)

		IL_0000: newobj instance void Scopes.Function_NestedFunctionAccessesMultipleScopes/testFunction::.ctor()
		IL_0005: stloc.0
		IL_0006: ldloc.0
		IL_0007: ldsfld class [System.Runtime]System.Func`2&lt;class [System.Runtime]System.Object[], class [System.Runtime]System.Object&gt; DispatchTable::nestedFunction
		IL_000c: stfld object Scopes.Function_NestedFunctionAccessesMultipleScopes/testFunction::nestedFunction
		IL_0011: ldloc.0
		IL_0012: ldstr "outer"
		IL_0017: stfld object Scopes.Function_NestedFunctionAccessesMultipleScopes/testFunction::outerVar
		IL_001c: ldloc.0
		IL_001d: ldfld object Scopes.Function_NestedFunctionAccessesMultipleScopes/testFunction::nestedFunction
		IL_0022: ldc.i4.2
		IL_0023: newarr [System.Runtime]System.Object
		IL_0028: dup
		IL_0029: ldc.i4.0
		IL_002a: ldarg.0
		IL_002b: ldc.i4.0
		IL_002c: ldelem.ref
		IL_002d: stelem.ref
		IL_002e: dup
		IL_002f: ldc.i4.1
		IL_0030: ldloc.0
		IL_0031: stelem.ref
		IL_0032: callvirt instance !1 class [System.Runtime]System.Func`2&lt;object[], object&gt;::Invoke(!0)
		IL_0037: pop
		IL_0038: ldnull
		IL_0039: ret
	} // end of method Program::testFunction

	.method public static 
		object nestedFunction (
			object[] scopes
		) cil managed 
	{
		// Method begins at RVA 0x20b4
		// Header size: 12
		// Code size: 77 (0x4d)
		.maxstack 8
		.locals init (
			[0] object
		)

		IL_0000: newobj instance void Scopes.Function_NestedFunctionAccessesMultipleScopes/testFunction/nestedFunction::.ctor()
		IL_0005: stloc.0
		IL_0006: ldloc.0
		IL_0007: ldstr "inner"
		IL_000c: stfld object Scopes.Function_NestedFunctionAccessesMultipleScopes/testFunction/nestedFunction::innerVar
		IL_0011: ldc.i4.2
		IL_0012: newarr [System.Runtime]System.Object
		IL_0017: dup
		IL_0018: ldc.i4.0
		IL_0019: ldstr "Outer:"
		IL_001e: stelem.ref
		IL_001f: dup
		IL_0020: ldc.i4.1
		IL_0021: ldarg.0
		IL_0022: ldc.i4.1
		IL_0023: ldelem.ref
		IL_0024: ldfld object Scopes.Function_NestedFunctionAccessesMultipleScopes/testFunction::outerVar
		IL_0029: stelem.ref
		IL_002a: call void [JavaScriptRuntime]JavaScriptRuntime.Console::Log(object[])
		IL_002f: ldc.i4.2
		IL_0030: newarr [System.Runtime]System.Object
		IL_0035: dup
		IL_0036: ldc.i4.0
		IL_0037: ldstr "Inner:"
		IL_003c: stelem.ref
		IL_003d: dup
		IL_003e: ldc.i4.1
		IL_003f: ldloc.0
		IL_0040: ldfld object Scopes.Function_NestedFunctionAccessesMultipleScopes/testFunction/nestedFunction::innerVar
		IL_0045: stelem.ref
		IL_0046: call void [JavaScriptRuntime]JavaScriptRuntime.Console::Log(object[])
		IL_004b: ldnull
		IL_004c: ret
	} // end of method Program::nestedFunction

	.method public static 
		void _LoadDispatchTable () cil managed 
	{
		// Method begins at RVA 0x210d
		// Header size: 1
		// Code size: 35 (0x23)
		.maxstack 8

		IL_0000: ldnull
		IL_0001: ldftn object Program::testFunction(object[])
		IL_0007: newobj instance void class [System.Runtime]System.Func`2&lt;object[], object&gt;::.ctor(object, native int)
		IL_000c: stsfld class [System.Runtime]System.Func`2&lt;class [System.Runtime]System.Object[], class [System.Runtime]System.Object&gt; DispatchTable::testFunction
		IL_0011: ldnull
		IL_0012: ldftn object Program::nestedFunction(object[])
		IL_0018: newobj instance void class [System.Runtime]System.Func`2&lt;object[], object&gt;::.ctor(object, native int)
		IL_001d: stsfld class [System.Runtime]System.Func`2&lt;class [System.Runtime]System.Object[], class [System.Runtime]System.Object&gt; DispatchTable::nestedFunction
		IL_0022: ret
	} // end of method Program::_LoadDispatchTable

	.method public static 
		void Main () cil managed 
	{
		// Method begins at RVA 0x2134
		// Header size: 12
		// Code size: 65 (0x41)
		.maxstack 8
		.entrypoint
		.locals init (
			[0] object,
			[1] object,
			[2] object
		)

		IL_0000: newobj instance void Scopes.Function_NestedFunctionAccessesMultipleScopes::.ctor()
		IL_0005: stloc.0
		IL_0006: newobj instance void Scopes.Function_NestedFunctionAccessesMultipleScopes/testFunction::.ctor()
		IL_000b: stloc.1
		IL_000c: newobj instance void Scopes.Function_NestedFunctionAccessesMultipleScopes/testFunction/nestedFunction::.ctor()
		IL_0011: stloc.2
		IL_0012: call void Program::_LoadDispatchTable()
		IL_0017: ldloc.0
		IL_0018: ldsfld class [System.Runtime]System.Func`2&lt;class [System.Runtime]System.Object[], class [System.Runtime]System.Object&gt; DispatchTable::testFunction
		IL_001d: stfld object Scopes.Function_NestedFunctionAccessesMultipleScopes::testFunction
		IL_0022: ldloc.0
		IL_0023: ldfld object Scopes.Function_NestedFunctionAccessesMultipleScopes::testFunction
		IL_0028: ldc.i4.3
		IL_0029: newarr [System.Runtime]System.Object
		IL_002e: dup
		IL_002f: ldc.i4.0
		IL_0030: ldloc.0
		IL_0031: stelem.ref
		IL_0032: dup
		IL_0033: ldc.i4.1
		IL_0034: ldloc.1
		IL_0035: stelem.ref
		IL_0036: dup
		IL_0037: ldc.i4.2
		IL_0038: ldloc.2
		IL_0039: stelem.ref
		IL_003a: callvirt instance !1 class [System.Runtime]System.Func`2&lt;object[], object&gt;::Invoke(!0)
		IL_003f: pop
		IL_0040: ret
	} // end of method Program::Main

} // end of class Program


Verified: GeneratorTests.Function_NestedFunctionAccessesMultipleScopes.verified.txt
// IL code: Function_NestedFunctionAccessesMultipleScopes
.class private auto ansi '&lt;Module&gt;'
{
} // end of class &lt;Module&gt;

.class public auto ansi beforefieldinit Scopes.Function_NestedFunctionAccessesMultipleScopes
	extends [System.Runtime]System.Object
{
	// Nested Types
	.class nested public auto ansi beforefieldinit testFunction
		extends [System.Runtime]System.Object
	{
		// Nested Types
		.class nested public auto ansi beforefieldinit nestedFunction
			extends [System.Runtime]System.Object
		{
			// Fields
			.field public object innerVar

			// Methods
			.method public hidebysig specialname rtspecialname 
				instance void .ctor () cil managed 
			{
				// Method begins at RVA 0x2062
				// Header size: 1
				// Code size: 8 (0x8)
				.maxstack 8

				IL_0000: ldarg.0
				IL_0001: call instance void [System.Runtime]System.Object::.ctor()
				IL_0006: nop
				IL_0007: ret
			} // end of method nestedFunction::.ctor

		} // end of class nestedFunction


		// Fields
		.field public object outerVar
		.field public object nestedFunction

		// Methods
		.method public hidebysig specialname rtspecialname 
			instance void .ctor () cil managed 
		{
			// Method begins at RVA 0x2059
			// Header size: 1
			// Code size: 8 (0x8)
			.maxstack 8

			IL_0000: ldarg.0
			IL_0001: call instance void [System.Runtime]System.Object::.ctor()
			IL_0006: nop
			IL_0007: ret
		} // end of method testFunction::.ctor

	} // end of class testFunction


	// Fields
	.field public object testFunction

	// Methods
	.method public hidebysig specialname rtspecialname 
		instance void .ctor () cil managed 
	{
		// Method begins at RVA 0x2050
		// Header size: 1
		// Code size: 8 (0x8)
		.maxstack 8

		IL_0000: ldarg.0
		IL_0001: call instance void [System.Runtime]System.Object::.ctor()
		IL_0006: nop
		IL_0007: ret
	} // end of method Function_NestedFunctionAccessesMultipleScopes::.ctor

} // end of class Scopes.Function_NestedFunctionAccessesMultipleScopes

.class public auto ansi abstract sealed beforefieldinit DispatchTable
	extends [System.Runtime]System.Object
{
	// Fields
	.field public static class [System.Runtime]System.Func`2&lt;class [System.Runtime]System.Object[], class [System.Runtime]System.Object&gt; testFunction
	.field public static class [System.Runtime]System.Func`2&lt;class [System.Runtime]System.Object[], class [System.Runtime]System.Object&gt; nestedFunction

} // end of class DispatchTable

.class public auto ansi beforefieldinit Program
	extends [System.Runtime]System.Object
{
	// Methods
	.method public static 
		object testFunction (
			object[] scopes
		) cil managed 
	{
		// Method begins at RVA 0x206c
		// Header size: 12
		// Code size: 58 (0x3a)
		.maxstack 8
		.locals init (
			[0] object
		)

		IL_0000: newobj instance void Scopes.Function_NestedFunctionAccessesMultipleScopes/testFunction::.ctor()
		IL_0005: stloc.0
		IL_0006: ldloc.0
		IL_0007: ldsfld class [System.Runtime]System.Func`2&lt;class [System.Runtime]System.Object[], class [System.Runtime]System.Object&gt; DispatchTable::nestedFunction
		IL_000c: stfld object Scopes.Function_NestedFunctionAccessesMultipleScopes/testFunction::nestedFunction
		IL_0011: ldloc.0
		IL_0012: ldstr "outer"
		IL_0017: stfld object Scopes.Function_NestedFunctionAccessesMultipleScopes/testFunction::outerVar
		IL_001c: ldloc.0
		IL_001d: ldfld object Scopes.Function_NestedFunctionAccessesMultipleScopes/testFunction::nestedFunction
		IL_0022: ldc.i4.2
		IL_0023: newarr [System.Runtime]System.Object
		IL_0028: dup
		IL_0029: ldc.i4.0
		IL_002a: ldarg.0
		IL_002b: ldc.i4.0
		IL_002c: ldelem.ref
		IL_002d: stelem.ref
		IL_002e: dup
		IL_002f: ldc.i4.1
		IL_0030: ldloc.0
		IL_0031: stelem.ref
		IL_0032: callvirt instance !1 class [System.Runtime]System.Func`2&lt;object[], object&gt;::Invoke(!0)
		IL_0037: pop
		IL_0038: ldnull
		IL_0039: ret
	} // end of method Program::testFunction

	.method public static 
		object nestedFunction (
			object[] scopes
		) cil managed 
	{
		// Method begins at RVA 0x20b4
		// Header size: 12
		// Code size: 77 (0x4d)
		.maxstack 8
		.locals init (
			[0] object
		)

		IL_0000: newobj instance void Scopes.Function_NestedFunctionAccessesMultipleScopes/testFunction/nestedFunction::.ctor()
		IL_0005: stloc.0
		IL_0006: ldloc.0
		IL_0007: ldstr "inner"
		IL_000c: stfld object Scopes.Function_NestedFunctionAccessesMultipleScopes/testFunction/nestedFunction::innerVar
		IL_0011: ldc.i4.2
		IL_0012: newarr [System.Runtime]System.Object
		IL_0017: dup
		IL_0018: ldc.i4.0
		IL_0019: ldstr "Outer:"
		IL_001e: stelem.ref
		IL_001f: dup
		IL_0020: ldc.i4.1
		IL_0021: ldarg.0
		IL_0022: ldc.i4.1
		IL_0023: ldelem.ref
		IL_0024: ldfld object Scopes.Function_NestedFunctionAccessesMultipleScopes/testFunction::outerVar
		IL_0029: stelem.ref
		IL_002a: call void [JavaScriptRuntime]JavaScriptRuntime.Console::Log(object[])
		IL_002f: ldc.i4.2
		IL_0030: newarr [System.Runtime]System.Object
		IL_0035: dup
		IL_0036: ldc.i4.0
		IL_0037: ldstr "Inner:"
		IL_003c: stelem.ref
		IL_003d: dup
		IL_003e: ldc.i4.1
		IL_003f: ldloc.0
		IL_0040: ldfld object Scopes.Function_NestedFunctionAccessesMultipleScopes/testFunction/nestedFunction::innerVar
		IL_0045: stelem.ref
		IL_0046: call void [JavaScriptRuntime]JavaScriptRuntime.Console::Log(object[])
		IL_004b: ldnull
		IL_004c: ret
	} // end of method Program::nestedFunction

	.method public static 
		void _LoadDispatchTable () cil managed 
	{
		// Method begins at RVA 0x210d
		// Header size: 1
		// Code size: 35 (0x23)
		.maxstack 8

		IL_0000: ldnull
		IL_0001: ldftn object Program::testFunction(object[])
		IL_0007: newobj instance void class [System.Runtime]System.Func`2&lt;object[], object&gt;::.ctor(object, native int)
		IL_000c: stsfld class [System.Runtime]System.Func`2&lt;class [System.Runtime]System.Object[], class [System.Runtime]System.Object&gt; DispatchTable::testFunction
		IL_0011: ldnull
		IL_0012: ldftn object Program::nestedFunction(object[])
		IL_0018: newobj instance void class [System.Runtime]System.Func`2&lt;object[], object&gt;::.ctor(object, native int)
		IL_001d: stsfld class [System.Runtime]System.Func`2&lt;class [System.Runtime]System.Object[], class [System.Runtime]System.Object&gt; DispatchTable::nestedFunction
		IL_0022: ret
	} // end of method Program::_LoadDispatchTable

	.method public static 
		void Main () cil managed 
	{
		// Method begins at RVA 0x2134
		// Header size: 12
		// Code size: 65 (0x41)
		.maxstack 8
		.entrypoint
		.locals init (
			[0] object,
			[1] object,
			[2] object
		)

		IL_0000: newobj instance void Scopes.Function_NestedFunctionAccessesMultipleScopes::.ctor()
		IL_0005: stloc.0
		IL_0006: newobj instance void Scopes.Function_NestedFunctionAccessesMultipleScopes/testFunction::.ctor()
		IL_000b: stloc.1
		IL_000c: newobj instance void Scopes.Function_NestedFunctionAccessesMultipleScopes/testFunction/nestedFunction::.ctor()
		IL_0011: stloc.2
		IL_0012: call void Program::_LoadDispatchTable()
		IL_0017: ldloc.0
		IL_0018: ldsfld class [System.Runtime]System.Func`2&lt;class [System.Runtime]System.Object[], class [System.Runtime]System.Object&gt; DispatchTable::testFunction
		IL_001d: stfld object Scopes.Function_NestedFunctionAccessesMultipleScopes::testFunction
		IL_0022: ldloc.0
		IL_0023: ldfld object Scopes.Function_NestedFunctionAccessesMultipleScopes::testFunction
		IL_0028: ldc.i4.3
		IL_0029: newarr [System.Runtime]System.Object
		IL_002e: dup
		IL_002f: ldc.i4.0
		IL_0030: ldloc.0
		IL_0031: stelem.ref
		IL_0032: dup
		IL_0033: ldc.i4.1
		IL_0034: ldloc.1
		IL_0035: stelem.ref
		IL_0036: dup
		IL_0037: ldc.i4.2
		IL_0038: ldloc.2
		IL_0039: stelem.ref
		IL_003a: callvirt instance !1 class [System.Runtime]System.Func`2&lt;object[], object&gt;::Invoke(!0)
		IL_003f: pop
		IL_0040: ret
	} // end of method Program::Main

} // end of class Program


</Message>
        </ErrorInfo>
      </Output>
    </UnitTestResult>
    <UnitTestResult executionId="1d45988b-fb18-4b07-a93e-bb51369e9ac0" testId="b52990d2-f4c5-428d-5541-4cf777b68a04" testName="Js2IL.Tests.Function.ExecutionTests.Function_GlobalFunctionDeclaresAndCallsNestedFunction" computerName="DESKTOP-IB70S8E" duration="00:00:00.3343947" startTime="2025-08-09T13:42:18.3637553-07:00" endTime="2025-08-09T13:42:18.7040593-07:00" testType="13cdc9d9-ddb5-4fa4-a97d-d965ccfc6d4b" outcome="Passed" testListId="8c84fa94-04c1-424b-9868-57a2d4851a1d" relativeResultsDirectory="1d45988b-fb18-4b07-a93e-bb51369e9ac0" />
    <UnitTestResult executionId="79abed96-b8cf-48f3-97fc-e328e69d1e4e" testId="baab013c-eb12-c6e6-7953-f96d66cccae9" testName="Js2IL.Tests.GeneratorTests.Function_NestedFunctionAccessesMultipleScopes" computerName="DESKTOP-IB70S8E" duration="00:00:00.3344427" startTime="2025-08-09T13:42:18.3614878-07:00" endTime="2025-08-09T13:42:18.7039715-07:00" testType="13cdc9d9-ddb5-4fa4-a97d-d965ccfc6d4b" outcome="Passed" testListId="8c84fa94-04c1-424b-9868-57a2d4851a1d" relativeResultsDirectory="79abed96-b8cf-48f3-97fc-e328e69d1e4e" />
    <UnitTestResult executionId="ba45b068-4bd9-4902-8f90-cbeb5dd9891d" testId="07acdd35-2910-2f37-d161-8dbc5bff7375" testName="Js2IL.Tests.ExecutionTests.Function_NestedFunctionAccessesMultipleScopes" computerName="DESKTOP-IB70S8E" duration="00:00:00.3283837" startTime="2025-08-09T13:42:18.3637914-07:00" endTime="2025-08-09T13:42:18.6978862-07:00" testType="13cdc9d9-ddb5-4fa4-a97d-d965ccfc6d4b" outcome="Failed" testListId="8c84fa94-04c1-424b-9868-57a2d4851a1d" relativeResultsDirectory="ba45b068-4bd9-4902-8f90-cbeb5dd9891d">
      <Output>
        <ErrorInfo>
          <Message>VerifyException : Directory: C:\git\js2il\Js2IL.Tests
New:
  - Received: ExecutionTests.Function_NestedFunctionAccessesMultipleScopes.received.txt
    Verified: ExecutionTests.Function_NestedFunctionAccessesMultipleScopes.verified.txt

FileContent:

New:

Received: ExecutionTests.Function_NestedFunctionAccessesMultipleScopes.received.txt
Outer: outer
Inner: inner


</Message>
        </ErrorInfo>
      </Output>
    </UnitTestResult>
    <UnitTestResult executionId="9cb52945-6010-4a9d-939e-237efa7d8a3b" testId="99c2d206-c674-b22f-2db6-2eb1b8c41cd4" testName="Js2IL.Tests.ScopeTreeBuilderTests.Build_NestedFunctions_CreatesCorrectHierarchy" computerName="DESKTOP-IB70S8E" duration="00:00:00.0903814" startTime="2025-08-09T13:42:18.3635552-07:00" endTime="2025-08-09T13:42:18.4636121-07:00" testType="13cdc9d9-ddb5-4fa4-a97d-d965ccfc6d4b" outcome="Passed" testListId="8c84fa94-04c1-424b-9868-57a2d4851a1d" relativeResultsDirectory="9cb52945-6010-4a9d-939e-237efa7d8a3b" />
  </Results>
  <TestDefinitions>
    <UnitTest name="Js2IL.Tests.Function.GeneratorTests.Function_NestedFunctionAccessesMultipleScopes" storage="c:\git\js2il\js2il.tests\bin\debug\net8.0\js2il.tests.dll" id="fb65c001-2e9a-a320-2b06-93c8dad74af2">
      <Execution id="77c71bd4-7cd7-44ab-b900-bc9366826e93" />
      <TestMethod codeBase="C:\git\js2il\Js2IL.Tests\bin\Debug\net8.0\Js2IL.Tests.dll" adapterTypeName="executor://xunit/VsTestRunner3/netcore/" className="Js2IL.Tests.Function.GeneratorTests" name="Function_NestedFunctionAccessesMultipleScopes" />
    </UnitTest>
    <UnitTest name="Js2IL.Tests.ScopeTreeBuilderTests.Build_NestedFunctions_CreatesCorrectHierarchy" storage="c:\git\js2il\js2il.tests\bin\debug\net8.0\js2il.tests.dll" id="99c2d206-c674-b22f-2db6-2eb1b8c41cd4">
      <Execution id="9cb52945-6010-4a9d-939e-237efa7d8a3b" />
      <TestMethod codeBase="C:\git\js2il\Js2IL.Tests\bin\Debug\net8.0\Js2IL.Tests.dll" adapterTypeName="executor://xunit/VsTestRunner3/netcore/" className="Js2IL.Tests.ScopeTreeBuilderTests" name="Build_NestedFunctions_CreatesCorrectHierarchy" />
    </UnitTest>
    <UnitTest name="Js2IL.Tests.Function.ExecutionTests.Function_GlobalFunctionDeclaresAndCallsNestedFunction" storage="c:\git\js2il\js2il.tests\bin\debug\net8.0\js2il.tests.dll" id="b52990d2-f4c5-428d-5541-4cf777b68a04">
      <Execution id="1d45988b-fb18-4b07-a93e-bb51369e9ac0" />
      <TestMethod codeBase="C:\git\js2il\Js2IL.Tests\bin\Debug\net8.0\Js2IL.Tests.dll" adapterTypeName="executor://xunit/VsTestRunner3/netcore/" className="Js2IL.Tests.Function.ExecutionTests" name="Function_GlobalFunctionDeclaresAndCallsNestedFunction" />
    </UnitTest>
    <UnitTest name="Js2IL.Tests.GeneratorTests.Function_NestedFunctionAccessesMultipleScopes" storage="c:\git\js2il\js2il.tests\bin\debug\net8.0\js2il.tests.dll" id="baab013c-eb12-c6e6-7953-f96d66cccae9">
      <Execution id="79abed96-b8cf-48f3-97fc-e328e69d1e4e" />
      <TestMethod codeBase="C:\git\js2il\Js2IL.Tests\bin\Debug\net8.0\Js2IL.Tests.dll" adapterTypeName="executor://xunit/VsTestRunner3/netcore/" className="Js2IL.Tests.GeneratorTests" name="Function_NestedFunctionAccessesMultipleScopes" />
    </UnitTest>
    <UnitTest name="Js2IL.Tests.ExecutionTests.Function_NestedFunctionAccessesMultipleScopes" storage="c:\git\js2il\js2il.tests\bin\debug\net8.0\js2il.tests.dll" id="07acdd35-2910-2f37-d161-8dbc5bff7375">
      <Execution id="ba45b068-4bd9-4902-8f90-cbeb5dd9891d" />
      <TestMethod codeBase="C:\git\js2il\Js2IL.Tests\bin\Debug\net8.0\Js2IL.Tests.dll" adapterTypeName="executor://xunit/VsTestRunner3/netcore/" className="Js2IL.Tests.ExecutionTests" name="Function_NestedFunctionAccessesMultipleScopes" />
    </UnitTest>
    <UnitTest name="Js2IL.Tests.Function.ExecutionTests.Function_NestedFunctionAccessesMultipleScopes" storage="c:\git\js2il\js2il.tests\bin\debug\net8.0\js2il.tests.dll" id="3f899210-8b94-e7cf-b549-5362781e6214">
      <Execution id="de2e4d08-b1e2-4d86-9a52-591cb8e64390" />
      <TestMethod codeBase="C:\git\js2il\Js2IL.Tests\bin\Debug\net8.0\Js2IL.Tests.dll" adapterTypeName="executor://xunit/VsTestRunner3/netcore/" className="Js2IL.Tests.Function.ExecutionTests" name="Function_NestedFunctionAccessesMultipleScopes" />
    </UnitTest>
    <UnitTest name="Js2IL.Tests.Function.GeneratorTests.Function_GlobalFunctionDeclaresAndCallsNestedFunction" storage="c:\git\js2il\js2il.tests\bin\debug\net8.0\js2il.tests.dll" id="6845e993-158b-69d3-d4b3-4b47a663f9a7">
      <Execution id="504aade6-b732-4341-97e7-4d1fd0cd9619" />
      <TestMethod codeBase="C:\git\js2il\Js2IL.Tests\bin\Debug\net8.0\Js2IL.Tests.dll" adapterTypeName="executor://xunit/VsTestRunner3/netcore/" className="Js2IL.Tests.Function.GeneratorTests" name="Function_GlobalFunctionDeclaresAndCallsNestedFunction" />
    </UnitTest>
  </TestDefinitions>
  <TestEntries>
    <TestEntry testId="3f899210-8b94-e7cf-b549-5362781e6214" executionId="de2e4d08-b1e2-4d86-9a52-591cb8e64390" testListId="8c84fa94-04c1-424b-9868-57a2d4851a1d" />
    <TestEntry testId="6845e993-158b-69d3-d4b3-4b47a663f9a7" executionId="504aade6-b732-4341-97e7-4d1fd0cd9619" testListId="8c84fa94-04c1-424b-9868-57a2d4851a1d" />
    <TestEntry testId="fb65c001-2e9a-a320-2b06-93c8dad74af2" executionId="77c71bd4-7cd7-44ab-b900-bc9366826e93" testListId="8c84fa94-04c1-424b-9868-57a2d4851a1d" />
    <TestEntry testId="b52990d2-f4c5-428d-5541-4cf777b68a04" executionId="1d45988b-fb18-4b07-a93e-bb51369e9ac0" testListId="8c84fa94-04c1-424b-9868-57a2d4851a1d" />
    <TestEntry testId="baab013c-eb12-c6e6-7953-f96d66cccae9" executionId="79abed96-b8cf-48f3-97fc-e328e69d1e4e" testListId="8c84fa94-04c1-424b-9868-57a2d4851a1d" />
    <TestEntry testId="07acdd35-2910-2f37-d161-8dbc5bff7375" executionId="ba45b068-4bd9-4902-8f90-cbeb5dd9891d" testListId="8c84fa94-04c1-424b-9868-57a2d4851a1d" />
    <TestEntry testId="99c2d206-c674-b22f-2db6-2eb1b8c41cd4" executionId="9cb52945-6010-4a9d-939e-237efa7d8a3b" testListId="8c84fa94-04c1-424b-9868-57a2d4851a1d" />
  </TestEntries>
  <TestLists>
    <TestList name="Results Not in a List" id="8c84fa94-04c1-424b-9868-57a2d4851a1d" />
    <TestList name="All Loaded Results" id="19431567-8539-422a-85d7-44ee4e166bda" />
  </TestLists>
  <ResultSummary outcome="Failed">
    <Counters total="7" executed="7" passed="5" failed="2" error="0" timeout="0" aborted="0" inconclusive="0" passedButRunAborted="0" notRunnable="0" notExecuted="0" disconnected="0" warning="0" completed="0" inProgress="0" pending="0" />
    <Output>
      <StdOut>[xUnit.net 00:00:00.00] xUnit.net VSTest Adapter v3.1.1+bf6400fd51 (64-bit .NET 8.0.16)&#xD;
[xUnit.net 00:00:00.10]   Discovering: Js2IL.Tests&#xD;
[xUnit.net 00:00:00.14]   Discovered:  Js2IL.Tests&#xD;
[xUnit.net 00:00:00.17]   Starting:    Js2IL.Tests&#xD;
[xUnit.net 00:00:00.54]       VerifyException : Directory: C:\git\js2il\Js2IL.Tests
New:
  - Received: ExecutionTests.Function_NestedFunctionAccessesMultipleScopes.received.txt
    Verified: ExecutionTests.Function_NestedFunctionAccessesMultipleScopes.verified.txt

FileContent:

New:

Received: ExecutionTests.Function_NestedFunctionAccessesMultipleScopes.received.txt
Outer: outer
Inner: inner


&#xD;
[xUnit.net 00:00:00.54]       VerifyException : Directory: C:\git\js2il\Js2IL.Tests\Function
NotEqual:
  - Received: GeneratorTests.Function_NestedFunctionAccessesMultipleScopes.received.txt
    Verified: GeneratorTests.Function_NestedFunctionAccessesMultipleScopes.verified.txt

FileContent:

NotEqual:

Received: GeneratorTests.Function_NestedFunctionAccessesMultipleScopes.received.txt
// IL code: Function_NestedFunctionAccessesMultipleScopes
.class private auto ansi '&lt;Module&gt;'
{
} // end of class &lt;Module&gt;

.class public auto ansi beforefieldinit Scopes.Function_NestedFunctionAccessesMultipleScopes
	extends [System.Runtime]System.Object
{
	// Nested Types
	.class nested public auto ansi beforefieldinit testFunction
		extends [System.Runtime]System.Object
	{
		// Nested Types
		.class nested public auto ansi beforefieldinit nestedFunction
			extends [System.Runtime]System.Object
		{
			// Fields
			.field public object innerVar

			// Methods
			.method public hidebysig specialname rtspecialname 
				instance void .ctor () cil managed 
			{
				// Method begins at RVA 0x2062
				// Header size: 1
				// Code size: 8 (0x8)
				.maxstack 8

				IL_0000: ldarg.0
				IL_0001: call instance void [System.Runtime]System.Object::.ctor()
				IL_0006: nop
				IL_0007: ret
			} // end of method nestedFunction::.ctor

		} // end of class nestedFunction


		// Fields
		.field public object outerVar
		.field public object nestedFunction

		// Methods
		.method public hidebysig specialname rtspecialname 
			instance void .ctor () cil managed 
		{
			// Method begins at RVA 0x2059
			// Header size: 1
			// Code size: 8 (0x8)
			.maxstack 8

			IL_0000: ldarg.0
			IL_0001: call instance void [System.Runtime]System.Object::.ctor()
			IL_0006: nop
			IL_0007: ret
		} // end of method testFunction::.ctor

	} // end of class testFunction


	// Fields
	.field public object testFunction

	// Methods
	.method public hidebysig specialname rtspecialname 
		instance void .ctor () cil managed 
	{
		// Method begins at RVA 0x2050
		// Header size: 1
		// Code size: 8 (0x8)
		.maxstack 8

		IL_0000: ldarg.0
		IL_0001: call instance void [System.Runtime]System.Object::.ctor()
		IL_0006: nop
		IL_0007: ret
	} // end of method Function_NestedFunctionAccessesMultipleScopes::.ctor

} // end of class Scopes.Function_NestedFunctionAccessesMultipleScopes

.class public auto ansi abstract sealed beforefieldinit DispatchTable
	extends [System.Runtime]System.Object
{
	// Fields
	.field public static class [System.Runtime]System.Func`2&lt;class [System.Runtime]System.Object[], class [System.Runtime]System.Object&gt; testFunction
	.field public static class [System.Runtime]System.Func`2&lt;class [System.Runtime]System.Object[], class [System.Runtime]System.Object&gt; nestedFunction

} // end of class DispatchTable

.class public auto ansi beforefieldinit Program
	extends [System.Runtime]System.Object
{
	// Methods
	.method public static 
		object testFunction (
			object[] scopes
		) cil managed 
	{
		// Method begins at RVA 0x206c
		// Header size: 12
		// Code size: 58 (0x3a)
		.maxstack 8
		.locals init (
			[0] object
		)

		IL_0000: newobj instance void Scopes.Function_NestedFunctionAccessesMultipleScopes/testFunction::.ctor()
		IL_0005: stloc.0
		IL_0006: ldloc.0
		IL_0007: ldsfld class [System.Runtime]System.Func`2&lt;class [System.Runtime]System.Object[], class [System.Runtime]System.Object&gt; DispatchTable::nestedFunction
		IL_000c: stfld object Scopes.Function_NestedFunctionAccessesMultipleScopes/testFunction::nestedFunction
		IL_0011: ldloc.0
		IL_0012: ldstr "outer"
		IL_0017: stfld object Scopes.Function_NestedFunctionAccessesMultipleScopes/testFunction::outerVar
		IL_001c: ldloc.0
		IL_001d: ldfld object Scopes.Function_NestedFunctionAccessesMultipleScopes/testFunction::nestedFunction
		IL_0022: ldc.i4.2
		IL_0023: newarr [System.Runtime]System.Object
		IL_0028: dup
		IL_0029: ldc.i4.0
		IL_002a: ldarg.0
		IL_002b: ldc.i4.0
		IL_002c: ldelem.ref
		IL_002d: stelem.ref
		IL_002e: dup
		IL_002f: ldc.i4.1
		IL_0030: ldloc.0
		IL_0031: stelem.ref
		IL_0032: callvirt instance !1 class [System.Runtime]System.Func`2&lt;object[], object&gt;::Invoke(!0)
		IL_0037: pop
		IL_0038: ldnull
		IL_0039: ret
	} // end of method Program::testFunction

	.method public static 
		object nestedFunction (
			object[] scopes
		) cil managed 
	{
		// Method begins at RVA 0x20b4
		// Header size: 12
		// Code size: 77 (0x4d)
		.maxstack 8
		.locals init (
			[0] object
		)

		IL_0000: newobj instance void Scopes.Function_NestedFunctionAccessesMultipleScopes/testFunction/nestedFunction::.ctor()
		IL_0005: stloc.0
		IL_0006: ldloc.0
		IL_0007: ldstr "inner"
		IL_000c: stfld object Scopes.Function_NestedFunctionAccessesMultipleScopes/testFunction/nestedFunction::innerVar
		IL_0011: ldc.i4.2
		IL_0012: newarr [System.Runtime]System.Object
		IL_0017: dup
		IL_0018: ldc.i4.0
		IL_0019: ldstr "Outer:"
		IL_001e: stelem.ref
		IL_001f: dup
		IL_0020: ldc.i4.1
		IL_0021: ldarg.0
		IL_0022: ldc.i4.1
		IL_0023: ldelem.ref
		IL_0024: ldfld object Scopes.Function_NestedFunctionAccessesMultipleScopes/testFunction::outerVar
		IL_0029: stelem.ref
		IL_002a: call void [JavaScriptRuntime]JavaScriptRuntime.Console::Log(object[])
		IL_002f: ldc.i4.2
		IL_0030: newarr [System.Runtime]System.Object
		IL_0035: dup
		IL_0036: ldc.i4.0
		IL_0037: ldstr "Inner:"
		IL_003c: stelem.ref
		IL_003d: dup
		IL_003e: ldc.i4.1
		IL_003f: ldloc.0
		IL_0040: ldfld object Scopes.Function_NestedFunctionAccessesMultipleScopes/testFunction/nestedFunction::innerVar
		IL_0045: stelem.ref
		IL_0046: call void [JavaScriptRuntime]JavaScriptRuntime.Console::Log(object[])
		IL_004b: ldnull
		IL_004c: ret
	} // end of method Program::nestedFunction

	.method public static 
		void _LoadDispatchTable () cil managed 
	{
		// Method begins at RVA 0x210d
		// Header size: 1
		// Code size: 35 (0x23)
		.maxstack 8

		IL_0000: ldnull
		IL_0001: ldftn object Program::testFunction(object[])
		IL_0007: newobj instance void class [System.Runtime]System.Func`2&lt;object[], object&gt;::.ctor(object, native int)
		IL_000c: stsfld class [System.Runtime]System.Func`2&lt;class [System.Runtime]System.Object[], class [System.Runtime]System.Object&gt; DispatchTable::testFunction
		IL_0011: ldnull
		IL_0012: ldftn object Program::nestedFunction(object[])
		IL_0018: newobj instance void class [System.Runtime]System.Func`2&lt;object[], object&gt;::.ctor(object, native int)
		IL_001d: stsfld class [System.Runtime]System.Func`2&lt;class [System.Runtime]System.Object[], class [System.Runtime]System.Object&gt; DispatchTable::nestedFunction
		IL_0022: ret
	} // end of method Program::_LoadDispatchTable

	.method public static 
		void Main () cil managed 
	{
		// Method begins at RVA 0x2134
		// Header size: 12
		// Code size: 65 (0x41)
		.maxstack 8
		.entrypoint
		.locals init (
			[0] object,
			[1] object,
			[2] object
		)

		IL_0000: newobj instance void Scopes.Function_NestedFunctionAccessesMultipleScopes::.ctor()
		IL_0005: stloc.0
		IL_0006: newobj instance void Scopes.Function_NestedFunctionAccessesMultipleScopes/testFunction::.ctor()
		IL_000b: stloc.1
		IL_000c: newobj instance void Scopes.Function_NestedFunctionAccessesMultipleScopes/testFunction/nestedFunction::.ctor()
		IL_0011: stloc.2
		IL_0012: call void Program::_LoadDispatchTable()
		IL_0017: ldloc.0
		IL_0018: ldsfld class [System.Runtime]System.Func`2&lt;class [System.Runtime]System.Object[], class [System.Runtime]System.Object&gt; DispatchTable::testFunction
		IL_001d: stfld object Scopes.Function_NestedFunctionAccessesMultipleScopes::testFunction
		IL_0022: ldloc.0
		IL_0023: ldfld object Scopes.Function_NestedFunctionAccessesMultipleScopes::testFunction
		IL_0028: ldc.i4.3
		IL_0029: newarr [System.Runtime]System.Object
		IL_002e: dup
		IL_002f: ldc.i4.0
		IL_0030: ldloc.0
		IL_0031: stelem.ref
		IL_0032: dup
		IL_0033: ldc.i4.1
		IL_0034: ldloc.1
		IL_0035: stelem.ref
		IL_0036: dup
		IL_0037: ldc.i4.2
		IL_0038: ldloc.2
		IL_0039: stelem.ref
		IL_003a: callvirt instance !1 class [System.Runtime]System.Func`2&lt;object[], object&gt;::Invoke(!0)
		IL_003f: pop
		IL_0040: ret
	} // end of method Program::Main

} // end of class Program


Verified: GeneratorTests.Function_NestedFunctionAccessesMultipleScopes.verified.txt
// IL code: Function_NestedFunctionAccessesMultipleScopes
.class private auto ansi '&lt;Module&gt;'
{
} // end of class &lt;Module&gt;

.class public auto ansi beforefieldinit Scopes.Function_NestedFunctionAccessesMultipleScopes
	extends [System.Runtime]System.Object
{
	// Nested Types
	.class nested public auto ansi beforefieldinit testFunction
		extends [System.Runtime]System.Object
	{
		// Nested Types
		.class nested public auto ansi beforefieldinit nestedFunction
			extends [System.Runtime]System.Object
		{
			// Fields
			.field public object innerVar

			// Methods
			.method public hidebysig specialname rtspecialname 
				instance void .ctor () cil managed 
			{
				// Method begins at RVA 0x2062
				// Header size: 1
				// Code size: 8 (0x8)
				.maxstack 8

				IL_0000: ldarg.0
				IL_0001: call instance void [System.Runtime]System.Object::.ctor()
				IL_0006: nop
				IL_0007: ret
			} // end of method nestedFunction::.ctor

		} // end of class nestedFunction


		// Fields
		.field public object outerVar
		.field public object nestedFunction

		// Methods
		.method public hidebysig specialname rtspecialname 
			instance void .ctor () cil managed 
		{
			// Method begins at RVA 0x2059
			// Header size: 1
			// Code size: 8 (0x8)
			.maxstack 8

			IL_0000: ldarg.0
			IL_0001: call instance void [System.Runtime]System.Object::.ctor()
			IL_0006: nop
			IL_0007: ret
		} // end of method testFunction::.ctor

	} // end of class testFunction


	// Fields
	.field public object testFunction

	// Methods
	.method public hidebysig specialname rtspecialname 
		instance void .ctor () cil managed 
	{
		// Method begins at RVA 0x2050
		// Header size: 1
		// Code size: 8 (0x8)
		.maxstack 8

		IL_0000: ldarg.0
		IL_0001: call instance void [System.Runtime]System.Object::.ctor()
		IL_0006: nop
		IL_0007: ret
	} // end of method Function_NestedFunctionAccessesMultipleScopes::.ctor

} // end of class Scopes.Function_NestedFunctionAccessesMultipleScopes

.class public auto ansi abstract sealed beforefieldinit DispatchTable
	extends [System.Runtime]System.Object
{
	// Fields
	.field public static class [System.Runtime]System.Func`2&lt;class [System.Runtime]System.Object[], class [System.Runtime]System.Object&gt; testFunction
	.field public static class [System.Runtime]System.Func`2&lt;class [System.Runtime]System.Object[], class [System.Runtime]System.Object&gt; nestedFunction

} // end of class DispatchTable

.class public auto ansi beforefieldinit Program
	extends [System.Runtime]System.Object
{
	// Methods
	.method public static 
		object testFunction (
			object[] scopes
		) cil managed 
	{
		// Method begins at RVA 0x206c
		// Header size: 12
		// Code size: 58 (0x3a)
		.maxstack 8
		.locals init (
			[0] object
		)

		IL_0000: newobj instance void Scopes.Function_NestedFunctionAccessesMultipleScopes/testFunction::.ctor()
		IL_0005: stloc.0
		IL_0006: ldloc.0
		IL_0007: ldsfld class [System.Runtime]System.Func`2&lt;class [System.Runtime]System.Object[], class [System.Runtime]System.Object&gt; DispatchTable::nestedFunction
		IL_000c: stfld object Scopes.Function_NestedFunctionAccessesMultipleScopes/testFunction::nestedFunction
		IL_0011: ldloc.0
		IL_0012: ldstr "outer"
		IL_0017: stfld object Scopes.Function_NestedFunctionAccessesMultipleScopes/testFunction::outerVar
		IL_001c: ldloc.0
		IL_001d: ldfld object Scopes.Function_NestedFunctionAccessesMultipleScopes/testFunction::nestedFunction
		IL_0022: ldc.i4.2
		IL_0023: newarr [System.Runtime]System.Object
		IL_0028: dup
		IL_0029: ldc.i4.0
		IL_002a: ldarg.0
		IL_002b: ldc.i4.0
		IL_002c: ldelem.ref
		IL_002d: stelem.ref
		IL_002e: dup
		IL_002f: ldc.i4.1
		IL_0030: ldloc.0
		IL_0031: stelem.ref
		IL_0032: callvirt instance !1 class [System.Runtime]System.Func`2&lt;object[], object&gt;::Invoke(!0)
		IL_0037: pop
		IL_0038: ldnull
		IL_0039: ret
	} // end of method Program::testFunction

	.method public static 
		object nestedFunction (
			object[] scopes
		) cil managed 
	{
		// Method begins at RVA 0x20b4
		// Header size: 12
		// Code size: 77 (0x4d)
		.maxstack 8
		.locals init (
			[0] object
		)

		IL_0000: newobj instance void Scopes.Function_NestedFunctionAccessesMultipleScopes/testFunction/nestedFunction::.ctor()
		IL_0005: stloc.0
		IL_0006: ldloc.0
		IL_0007: ldstr "inner"
		IL_000c: stfld object Scopes.Function_NestedFunctionAccessesMultipleScopes/testFunction/nestedFunction::innerVar
		IL_0011: ldc.i4.2
		IL_0012: newarr [System.Runtime]System.Object
		IL_0017: dup
		IL_0018: ldc.i4.0
		IL_0019: ldstr "Outer:"
		IL_001e: stelem.ref
		IL_001f: dup
		IL_0020: ldc.i4.1
		IL_0021: ldarg.0
		IL_0022: ldc.i4.1
		IL_0023: ldelem.ref
		IL_0024: ldfld object Scopes.Function_NestedFunctionAccessesMultipleScopes/testFunction::outerVar
		IL_0029: stelem.ref
		IL_002a: call void [JavaScriptRuntime]JavaScriptRuntime.Console::Log(object[])
		IL_002f: ldc.i4.2
		IL_0030: newarr [System.Runtime]System.Object
		IL_0035: dup
		IL_0036: ldc.i4.0
		IL_0037: ldstr "Inner:"
		IL_003c: stelem.ref
		IL_003d: dup
		IL_003e: ldc.i4.1
		IL_003f: ldloc.0
		IL_0040: ldfld object Scopes.Function_NestedFunctionAccessesMultipleScopes/testFunction/nestedFunction::innerVar
		IL_0045: stelem.ref
		IL_0046: call void [JavaScriptRuntime]JavaScriptRuntime.Console::Log(object[])
		IL_004b: ldnull
		IL_004c: ret
	} // end of method Program::nestedFunction

	.method public static 
		void _LoadDispatchTable () cil managed 
	{
		// Method begins at RVA 0x210d
		// Header size: 1
		// Code size: 35 (0x23)
		.maxstack 8

		IL_0000: ldnull
		IL_0001: ldftn object Program::testFunction(object[])
		IL_0007: newobj instance void class [System.Runtime]System.Func`2&lt;object[], object&gt;::.ctor(object, native int)
		IL_000c: stsfld class [System.Runtime]System.Func`2&lt;class [System.Runtime]System.Object[], class [System.Runtime]System.Object&gt; DispatchTable::testFunction
		IL_0011: ldnull
		IL_0012: ldftn object Program::nestedFunction(object[])
		IL_0018: newobj instance void class [System.Runtime]System.Func`2&lt;object[], object&gt;::.ctor(object, native int)
		IL_001d: stsfld class [System.Runtime]System.Func`2&lt;class [System.Runtime]System.Object[], class [System.Runtime]System.Object&gt; DispatchTable::nestedFunction
		IL_0022: ret
	} // end of method Program::_LoadDispatchTable

	.method public static 
		void Main () cil managed 
	{
		// Method begins at RVA 0x2134
		// Header size: 12
		// Code size: 65 (0x41)
		.maxstack 8
		.entrypoint
		.locals init (
			[0] object,
			[1] object,
			[2] object
		)

		IL_0000: newobj instance void Scopes.Function_NestedFunctionAccessesMultipleScopes::.ctor()
		IL_0005: stloc.0
		IL_0006: newobj instance void Scopes.Function_NestedFunctionAccessesMultipleScopes/testFunction::.ctor()
		IL_000b: stloc.1
		IL_000c: newobj instance void Scopes.Function_NestedFunctionAccessesMultipleScopes/testFunction/nestedFunction::.ctor()
		IL_0011: stloc.2
		IL_0012: call void Program::_LoadDispatchTable()
		IL_0017: ldloc.0
		IL_0018: ldsfld class [System.Runtime]System.Func`2&lt;class [System.Runtime]System.Object[], class [System.Runtime]System.Object&gt; DispatchTable::testFunction
		IL_001d: stfld object Scopes.Function_NestedFunctionAccessesMultipleScopes::testFunction
		IL_0022: ldloc.0
		IL_0023: ldfld object Scopes.Function_NestedFunctionAccessesMultipleScopes::testFunction
		IL_0028: ldc.i4.3
		IL_0029: newarr [System.Runtime]System.Object
		IL_002e: dup
		IL_002f: ldc.i4.0
		IL_0030: ldloc.0
		IL_0031: stelem.ref
		IL_0032: dup
		IL_0033: ldc.i4.1
		IL_0034: ldloc.1
		IL_0035: stelem.ref
		IL_0036: dup
		IL_0037: ldc.i4.2
		IL_0038: ldloc.2
		IL_0039: stelem.ref
		IL_003a: callvirt instance !1 class [System.Runtime]System.Func`2&lt;object[], object&gt;::Invoke(!0)
		IL_003f: pop
		IL_0040: ret
	} // end of method Program::Main

} // end of class Program


&#xD;
[xUnit.net 00:00:00.66]   Finished:    Js2IL.Tests&#xD;
</StdOut>
    </Output>
    <RunInfos>
      <RunInfo computerName="DESKTOP-IB70S8E" outcome="Error" timestamp="2025-08-09T13:42:18.7007809-07:00">
        <Text>[xUnit.net 00:00:00.54]     Js2IL.Tests.ExecutionTests.Function_NestedFunctionAccessesMultipleScopes [FAIL]</Text>
      </RunInfo>
      <RunInfo computerName="DESKTOP-IB70S8E" outcome="Error" timestamp="2025-08-09T13:42:18.7048838-07:00">
        <Text>[xUnit.net 00:00:00.54]     Js2IL.Tests.Function.GeneratorTests.Function_NestedFunctionAccessesMultipleScopes [FAIL]</Text>
      </RunInfo>
    </RunInfos>
  </ResultSummary>
</TestRun>